../Drivers/BSP/B-L475E-IOT01/stm32l475e_iot01_qspi.c:124:9:BSP_QSPI_Init	24	static,ignoring_inline_asm
../Drivers/BSP/B-L475E-IOT01/stm32l475e_iot01_qspi.c:183:9:BSP_QSPI_DeInit	8	static
../Drivers/BSP/B-L475E-IOT01/stm32l475e_iot01_qspi.c:206:9:BSP_QSPI_Read	80	static
../Drivers/BSP/B-L475E-IOT01/stm32l475e_iot01_qspi.c:248:9:BSP_QSPI_Write	96	static
../Drivers/BSP/B-L475E-IOT01/stm32l475e_iot01_qspi.c:322:9:BSP_QSPI_Erase_Block	72	static
../Drivers/BSP/B-L475E-IOT01/stm32l475e_iot01_qspi.c:370:9:BSP_QSPI_Erase_Sector	72	static
../Drivers/BSP/B-L475E-IOT01/stm32l475e_iot01_qspi.c:411:9:BSP_QSPI_Erase_Chip	64	static
../Drivers/BSP/B-L475E-IOT01/stm32l475e_iot01_qspi.c:451:9:BSP_QSPI_GetStatus	72	static
../Drivers/BSP/B-L475E-IOT01/stm32l475e_iot01_qspi.c:521:9:BSP_QSPI_GetInfo	16	static
../Drivers/BSP/B-L475E-IOT01/stm32l475e_iot01_qspi.c:537:9:BSP_QSPI_EnableMemoryMappedMode	72	static
../Drivers/BSP/B-L475E-IOT01/stm32l475e_iot01_qspi.c:571:9:BSP_QSPI_SuspendErase	64	static
../Drivers/BSP/B-L475E-IOT01/stm32l475e_iot01_qspi.c:612:9:BSP_QSPI_ResumeErase	64	static
../Drivers/BSP/B-L475E-IOT01/stm32l475e_iot01_qspi.c:657:9:BSP_QSPI_EnterDeepPowerDown	64	static
../Drivers/BSP/B-L475E-IOT01/stm32l475e_iot01_qspi.c:688:9:BSP_QSPI_LeaveDeepPowerDown	64	static
../Drivers/BSP/B-L475E-IOT01/stm32l475e_iot01_qspi.c:719:13:BSP_QSPI_MspInit	40	static
../Drivers/BSP/B-L475E-IOT01/stm32l475e_iot01_qspi.c:747:13:BSP_QSPI_MspDeInit	32	static
../Drivers/BSP/B-L475E-IOT01/stm32l475e_iot01_qspi.c:779:16:QSPI_ResetMemory	72	static
../Drivers/BSP/B-L475E-IOT01/stm32l475e_iot01_qspi.c:821:16:QSPI_WriteEnable	96	static
../Drivers/BSP/B-L475E-IOT01/stm32l475e_iot01_qspi.c:867:16:QSPI_AutoPollingMemReady	96	static
../Drivers/BSP/B-L475E-IOT01/stm32l475e_iot01_qspi.c:904:16:QSPI_QuadMode	80	static
../Drivers/BSP/B-L475E-IOT01/stm32l475e_iot01_qspi.c:993:16:QSPI_HighPerfMode	80	static
