../Core/Src/main.c:82:5:main	8	static
../Core/Src/main.c:130:5:L298n	24	static
../Core/Src/main.c:209:12:wifi_start	40	static
../Core/Src/main.c:242:5:wifi_connect	16	static
../Core/Src/main.c:272:5:wifi_server	40	static
../Core/Src/main.c:321:13:WebServerProcess	56	static
../Core/Src/main.c:419:22:SendWebPage	96	static
../Core/Src/main.c:508:13:SystemClock_Config	96	static
../Core/Src/main.c:549:13:MX_TIM2_Init	48	static
../Core/Src/main.c:601:13:MX_GPIO_Init	40	static
../Core/Src/main.c:652:1:__io_putchar	16	static
../Core/Src/main.c:688:6:HAL_GPIO_EXTI_Callback	16	static
../Core/Src/main.c:709:6:SPI3_IRQHandler	8	static
